TAP version 13
# Subtest: the top of the door is glazed
ok 1 - the top of the door is glazed
  ---
  duration_ms: 78.495641
  type: 'test'
  ...
# Subtest: the glass is divided into four lites, not left as one pane
ok 2 - the glass is divided into four lites, not left as one pane
  ---
  duration_ms: 34.953949
  type: 'test'
  ...
# Subtest: the head cap projects from the face, above the glass
ok 3 - the head cap projects from the face, above the glass
  ---
  duration_ms: 18.089868
  type: 'test'
  ...
# Subtest: the rail under the glass is plain, and the bottom rail is the deep one
ok 4 - the rail under the glass is plain, and the bottom rail is the deep one
  ---
  duration_ms: 26.237856
  type: 'test'
  ...
# Subtest: the panels below are split in two
ok 5 - the panels below are split in two
  ---
  duration_ms: 14.948749
  type: 'test'
  ...
# Subtest: you can see INTO the shed through the lites
ok 6 - you can see INTO the shed through the lites
  ---
  duration_ms: 193.00255
  type: 'test'
  ...
# Subtest: the muntins sit on the glass, not beside it
ok 7 - the muntins sit on the glass, not beside it
  ---
  duration_ms: 14.550205
  type: 'test'
  ...
# Subtest: no hinge or handle crosses the glass — craftsman, 36in
ok 8 - no hinge or handle crosses the glass — craftsman, 36in
  ---
  duration_ms: 14.29667
  type: 'test'
  ...
# Subtest: no hinge or handle crosses the glass — craftsman, 60in
ok 9 - no hinge or handle crosses the glass — craftsman, 60in
  ---
  duration_ms: 18.676607
  type: 'test'
  ...
# Subtest: no hinge or handle crosses the glass — cedar, 36in
ok 10 - no hinge or handle crosses the glass — cedar, 36in
  ---
  duration_ms: 39.135174
  type: 'test'
  ...
# Subtest: no hinge or handle crosses the glass — cedar, 60in
ok 11 - no hinge or handle crosses the glass — cedar, 60in
  ---
  duration_ms: 28.371043
  type: 'test'
  ...
# Subtest: no hinge or handle crosses the glass — reshalf, 36in
ok 12 - no hinge or handle crosses the glass — reshalf, 36in
  ---
  duration_ms: 20.639305
  type: 'test'
  ...
# Subtest: no hinge or handle crosses the glass — resfull, 36in
ok 13 - no hinge or handle crosses the glass — resfull, 36in
  ---
  duration_ms: 19.545015
  type: 'test'
  ...
# Subtest: every style with a glazed band declares it, so hingeYs can dodge it
ok 14 - every style with a glazed band declares it, so hingeYs can dodge it
  ---
  duration_ms: 88.751968
  type: 'test'
  ...
# Subtest: the strap hinges are short ones, not barn straps
ok 15 - the strap hinges are short ones, not barn straps
  ---
  duration_ms: 12.316379
  type: 'test'
  ...
# Subtest: the straps are fitted to the rails, not spread down the door
ok 16 - the straps are fitted to the rails, not spread down the door
  ---
  duration_ms: 28.869227
  type: 'test'
  ...
# Subtest: it no longer looks like the plain door
ok 17 - it no longer looks like the plain door
  ---
  duration_ms: 45.673934
  type: 'test'
  ...
# Subtest: it holds together on a wide leaf as well as a narrow one
ok 18 - it holds together on a wide leaf as well as a narrow one
  ---
  duration_ms: 63.00935
  type: 'test'
  ...
# Subtest: no daylight around the fairytale door — vertical, 30in
ok 19 - no daylight around the fairytale door — vertical, 30in
  ---
  duration_ms: 2553.405349
  type: 'test'
  ...
# Subtest: no daylight around the fairytale door — vertical, 36in
ok 20 - no daylight around the fairytale door — vertical, 36in
  ---
  duration_ms: 1707.557302
  type: 'test'
  ...
# Subtest: no daylight around the fairytale door — vertical, 42in
ok 21 - no daylight around the fairytale door — vertical, 42in
  ---
  duration_ms: 1948.618743
  type: 'test'
  ...
# Subtest: no daylight around the fairytale door — board-batten, 30in
ok 22 - no daylight around the fairytale door — board-batten, 30in
  ---
  duration_ms: 1855.73391
  type: 'test'
  ...
# Subtest: no daylight around the fairytale door — board-batten, 36in
ok 23 - no daylight around the fairytale door — board-batten, 36in
  ---
  duration_ms: 2158.727527
  type: 'test'
  ...
# Subtest: no daylight around the fairytale door — board-batten, 42in
ok 24 - no daylight around the fairytale door — board-batten, 42in
  ---
  duration_ms: 2493.332869
  type: 'test'
  ...
# Subtest: no daylight around the fairytale door — horizontal, 30in
ok 25 - no daylight around the fairytale door — horizontal, 30in
  ---
  duration_ms: 1430.393761
  type: 'test'
  ...
# Subtest: no daylight around the fairytale door — horizontal, 36in
ok 26 - no daylight around the fairytale door — horizontal, 36in
  ---
  duration_ms: 1662.3909
  type: 'test'
  ...
# Subtest: no daylight around the fairytale door — horizontal, 42in
ok 27 - no daylight around the fairytale door — horizontal, 42in
  ---
  duration_ms: 1980.933416
  type: 'test'
  ...
# Subtest: board & batten keeps off the door trim — fairytale
ok 28 - board & batten keeps off the door trim — fairytale
  ---
  duration_ms: 15.339206
  type: 'test'
  ...
# Subtest: board & batten keeps off the door trim — cedar
ok 29 - board & batten keeps off the door trim — cedar
  ---
  duration_ms: 23.151845
  type: 'test'
  ...
# Subtest: board & batten keeps off the door trim — res6
ok 30 - board & batten keeps off the door trim — res6
  ---
  duration_ms: 9.119239
  type: 'test'
  ...
# Subtest: a new gable vent centres on the gable — 12x20, 9ft walls, 6/12
ok 31 - a new gable vent centres on the gable — 12x20, 9ft walls, 6/12
  ---
  duration_ms: 4.658019
  type: 'test'
  ...
# Subtest: a new gable vent centres on the gable — 8x12, 8ft walls, 4/12
ok 32 - a new gable vent centres on the gable — 8x12, 8ft walls, 4/12
  ---
  duration_ms: 3.296768
  type: 'test'
  ...
# Subtest: a new gable vent centres on the gable — 16x24, 10ft walls, 10/12
ok 33 - a new gable vent centres on the gable — 16x24, 10ft walls, 10/12
  ---
  duration_ms: 4.107447
  type: 'test'
  ...
# Subtest: a new gable vent centres on the gable — 10x16, 7ft walls, 8/12
ok 34 - a new gable vent centres on the gable — 10x16, 7ft walls, 8/12
  ---
  duration_ms: 3.439255
  type: 'test'
  ...
# Subtest: the Add Vent button centres it too — 12x20, 9ft, 6/12
ok 35 - the Add Vent button centres it too — 12x20, 9ft, 6/12
  ---
  duration_ms: 12.264644
  type: 'test'
  ...
# Subtest: the Add Vent button centres it too — 16x24, 10ft, 10/12
ok 36 - the Add Vent button centres it too — 16x24, 10ft, 10/12
  ---
  duration_ms: 11.016995
  type: 'test'
  ...
# Subtest: the Add Vent button centres it too — 10x16, 8ft, 5/12
ok 37 - the Add Vent button centres it too — 10x16, 8ft, 5/12
  ---
  duration_ms: 12.15617
  type: 'test'
  ...
# Subtest: a vent the gable has no room for drops into the wall rather than through the rake
ok 38 - a vent the gable has no room for drops into the wall rather than through the rake
  ---
  duration_ms: 3.440588
  type: 'test'
  ...
# Subtest: a vent has a casing the same width as a window casing
ok 39 - a vent has a casing the same width as a window casing
  ---
  duration_ms: 3.76765
  type: 'test'
  ...
# Subtest: nothing on the vent is buried in the siding
ok 40 - nothing on the vent is buried in the siding
  ---
  duration_ms: 3.550894
  type: 'test'
  ...
# Subtest: board & batten keeps off the vent casing — front wall
ok 41 - board & batten keeps off the vent casing — front wall
  ---
  duration_ms: 12.43358
  type: 'test'
  ...
# Subtest: board & batten keeps off the vent casing — left wall
ok 42 - board & batten keeps off the vent casing — left wall
  ---
  duration_ms: 6.276702
  type: 'test'
  ...
# Subtest: front porch is closed overhead — all4 overhang, 4in
ok 43 - front porch is closed overhead — all4 overhang, 4in
  ---
  duration_ms: 301.986769
  type: 'test'
  ...
# Subtest: front porch is closed overhead — all4 overhang, 6in
ok 44 - front porch is closed overhead — all4 overhang, 6in
  ---
  duration_ms: 122.955901
  type: 'test'
  ...
# Subtest: front porch is closed overhead — all4 overhang, 12in
ok 45 - front porch is closed overhead — all4 overhang, 12in
  ---
  duration_ms: 155.121414
  type: 'test'
  ...
# Subtest: front porch is closed overhead — all4 overhang, 18in
ok 46 - front porch is closed overhead — all4 overhang, 18in
  ---
  duration_ms: 194.569124
  type: 'test'
  ...
# Subtest: front porch is closed overhead — all4 overhang, 24in
ok 47 - front porch is closed overhead — all4 overhang, 24in
  ---
  duration_ms: 178.219204
  type: 'test'
  ...
# Subtest: front porch is closed overhead — gable overhang, 4in
ok 48 - front porch is closed overhead — gable overhang, 4in
  ---
  duration_ms: 146.769294
  type: 'test'
  ...
# Subtest: front porch is closed overhead — gable overhang, 6in
ok 49 - front porch is closed overhead — gable overhang, 6in
  ---
  duration_ms: 149.120861
  type: 'test'
  ...
# Subtest: front porch is closed overhead — gable overhang, 12in
ok 50 - front porch is closed overhead — gable overhang, 12in
  ---
  duration_ms: 113.455749
  type: 'test'
  ...
# Subtest: front porch is closed overhead — gable overhang, 18in
ok 51 - front porch is closed overhead — gable overhang, 18in
  ---
  duration_ms: 113.583719
  type: 'test'
  ...
# Subtest: front porch is closed overhead — gable overhang, 24in
ok 52 - front porch is closed overhead — gable overhang, 24in
  ---
  duration_ms: 105.277928
  type: 'test'
  ...
# Subtest: the slot scaled with the overhang, so every overhang is covered equally
ok 53 - the slot scaled with the overhang, so every overhang is covered equally
  ---
  duration_ms: 110.199207
  type: 'test'
  ...
# Subtest: the ceiling tucks under the roof, never through it — pitch 4, 4ft porch
ok 54 - the ceiling tucks under the roof, never through it — pitch 4, 4ft porch
  ---
  duration_ms: 138.444594
  type: 'test'
  ...
# Subtest: the ceiling tucks under the roof, never through it — pitch 4, 6ft porch
ok 55 - the ceiling tucks under the roof, never through it — pitch 4, 6ft porch
  ---
  duration_ms: 172.112454
  type: 'test'
  ...
# Subtest: the ceiling tucks under the roof, never through it — pitch 4, 8ft porch
ok 56 - the ceiling tucks under the roof, never through it — pitch 4, 8ft porch
  ---
  duration_ms: 227.039607
  type: 'test'
  ...
# Subtest: the ceiling tucks under the roof, never through it — pitch 6, 4ft porch
ok 57 - the ceiling tucks under the roof, never through it — pitch 6, 4ft porch
  ---
  duration_ms: 120.101923
  type: 'test'
  ...
# Subtest: the ceiling tucks under the roof, never through it — pitch 6, 6ft porch
ok 58 - the ceiling tucks under the roof, never through it — pitch 6, 6ft porch
  ---
  duration_ms: 161.433473
  type: 'test'
  ...
# Subtest: the ceiling tucks under the roof, never through it — pitch 6, 8ft porch
ok 59 - the ceiling tucks under the roof, never through it — pitch 6, 8ft porch
  ---
  duration_ms: 204.055417
  type: 'test'
  ...
# Subtest: the ceiling tucks under the roof, never through it — pitch 10, 4ft porch
ok 60 - the ceiling tucks under the roof, never through it — pitch 10, 4ft porch
  ---
  duration_ms: 118.67117
  type: 'test'
  ...
# Subtest: the ceiling tucks under the roof, never through it — pitch 10, 6ft porch
ok 61 - the ceiling tucks under the roof, never through it — pitch 10, 6ft porch
  ---
  duration_ms: 157.986905
  type: 'test'
  ...
# Subtest: the ceiling tucks under the roof, never through it — pitch 10, 8ft porch
ok 62 - the ceiling tucks under the roof, never through it — pitch 10, 8ft porch
  ---
  duration_ms: 191.806011
  type: 'test'
  ...
# Subtest: side porch stays closed too — 4in overhang
ok 63 - side porch stays closed too — 4in overhang
  ---
  duration_ms: 124.215617
  type: 'test'
  ...
# Subtest: side porch stays closed too — 12in overhang
ok 64 - side porch stays closed too — 12in overhang
  ---
  duration_ms: 134.911974
  type: 'test'
  ...
# Subtest: side porch stays closed too — 24in overhang
ok 65 - side porch stays closed too — 24in overhang
  ---
  duration_ms: 151.909157
  type: 'test'
  ...
# Subtest: you can ride up it — blocks foundation
ok 66 - you can ride up it — blocks foundation
  ---
  duration_ms: 154.273657
  type: 'test'
  ...
# Subtest: you can ride up it — gravel foundation
ok 67 - you can ride up it — gravel foundation
  ---
  duration_ms: 288.188753
  type: 'test'
  ...
# Subtest: you can ride up it — pad foundation
ok 68 - you can ride up it — pad foundation
  ---
  duration_ms: 18.940632
  type: 'test'
  ...
# Subtest: you can ride up it — existing foundation
ok 69 - you can ride up it — existing foundation
  ---
  duration_ms: 17.328812
  type: 'test'
  ...
# Subtest: the toe sits on the ground, not above it or buried in it
ok 70 - the toe sits on the ground, not above it or buried in it
  ---
  duration_ms: 15.115574
  type: 'test'
  ...
# Subtest: it runs out from the wall, not into the shed
ok 71 - it runs out from the wall, not into the shed
  ---
  duration_ms: 15.401651
  type: 'test'
  ...
# Subtest: it is about as wide as the door and centred on it
ok 72 - it is about as wide as the door and centred on it
  ---
  duration_ms: 12.2636
  type: 'test'
  ...
# Subtest: it lands outside the front wall
ok 73 - it lands outside the front wall
  ---
  duration_ms: 12.366002
  type: 'test'
  ...
# Subtest: it lands outside the back wall
ok 74 - it lands outside the back wall
  ---
  duration_ms: 13.435316
  type: 'test'
  ...
# Subtest: it lands outside the left wall
ok 75 - it lands outside the left wall
  ---
  duration_ms: 12.086588
  type: 'test'
  ...
# Subtest: it lands outside the right wall
ok 76 - it lands outside the right wall
  ---
  duration_ms: 12.640527
  type: 'test'
  ...
# Subtest: only the drive-in door gets one, not the walk door
ok 77 - only the drive-in door gets one, not the walk door
  ---
  duration_ms: 49.149419
  type: 'test'
  ...
# Subtest: two drive-in doors still means one ramp, because it is one flat price
ok 78 - two drive-in doors still means one ramp, because it is one flat price
  ---
  duration_ms: 15.371595
  type: 'test'
  ...
# Subtest: a shed with only a walk door still shows the ramp it paid for
ok 79 - a shed with only a walk door still shows the ramp it paid for
  ---
  duration_ms: 26.779511
  type: 'test'
  ...
# Subtest: no door, no ramp
ok 80 - no door, no ramp
  ---
  duration_ms: 6.05718
  type: 'test'
  ...
# Subtest: switched off, nothing is built
ok 81 - switched off, nothing is built
  ---
  duration_ms: 13.427321
  type: 'test'
  ...
# Subtest: it does not appear in the dollhouse view
ok 82 - it does not appear in the dollhouse view
  ---
  duration_ms: 17.997354
  type: 'test'
  ...
# Subtest: every upgrade sits under a heading
ok 83 - every upgrade sits under a heading
  ---
  duration_ms: 2.24649
  type: 'test'
  ...
# Subtest: the sections are the ones the list declares, in that order
ok 84 - the sections are the ones the list declares, in that order
  ---
  duration_ms: 1.123155
  type: 'test'
  ...
# Subtest: each item lands in the section it claims
ok 85 - each item lands in the section it claims
  ---
  duration_ms: 0.580698
  type: 'test'
  ...
# Subtest: no heading is printed twice
ok 86 - no heading is printed twice
  ---
  duration_ms: 0.329368
  type: 'test'
  ...
# Subtest: an item added in the wrong place still lands in its own section
ok 87 - an item added in the wrong place still lands in its own section
  ---
  duration_ms: 0.366116
  type: 'test'
  ...
# Subtest: an item with no section is shown rather than swallowed
ok 88 - an item with no section is shown rather than swallowed
  ---
  duration_ms: 0.398467
  type: 'test'
  ...
# Subtest: a lean-to loses the ridge vent but keeps its section
ok 89 - a lean-to loses the ridge vent but keeps its section
  ---
  duration_ms: 0.372388
  type: 'test'
  ...
# Subtest: a section with nothing left to show prints no heading
ok 90 - a section with nothing left to show prints no heading
  ---
  duration_ms: 0.294782
  type: 'test'
  ...
# Subtest: the "shown in 3D" tag is gone from the upgrades
ok 91 - the "shown in 3D" tag is gone from the upgrades
  ---
  duration_ms: 0.75759
  type: 'test'
  ...
# Subtest: a style with a badge shows it instead of its description
ok 92 - a style with a badge shows it instead of its description
  ---
  duration_ms: 3.471155
  type: 'test'
  ...
# Subtest: running it again changes nothing
ok 93 - running it again changes nothing
  ---
  duration_ms: 4.209187
  type: 'test'
  ...
# Subtest: a recommendation outranks a standing badge, and is given back after
ok 94 - a recommendation outranks a standing badge, and is given back after
  ---
  duration_ms: 2.974544
  type: 'test'
  ...
# Subtest: the badged line gets its extra spacing, and gives it back
ok 95 - the badged line gets its extra spacing, and gives it back
  ---
  duration_ms: 2.810938
  type: 'test'
  ...
# Subtest: the sparkle is decoration, not part of the label
ok 96 - the sparkle is decoration, not part of the label
  ---
  duration_ms: 1.124527
  type: 'test'
  ...
# Subtest: the premium shells get the black badge, the rest do not
ok 97 - the premium shells get the black badge, the rest do not
  ---
  duration_ms: 1.662625
  type: 'test'
  ...
# Subtest: an unbadged style still keeps its description
ok 98 - an unbadged style still keeps its description
  ---
  duration_ms: 1.076317
  type: 'test'
  ...
# Subtest: a recommendation beats a standing badge rather than stacking with it
ok 99 - a recommendation beats a standing badge rather than stacking with it
  ---
  duration_ms: 2.749141
  type: 'test'
  ...
# Subtest: the page still has the two sliders these presets have to satisfy
ok 100 - the page still has the two sliders these presets have to satisfy
  ---
  duration_ms: 1.411796
  type: 'test'
  ...
# Subtest: every preset is a size the sliders can actually hold
ok 101 - every preset is a size the sliders can actually hold
  ---
  duration_ms: 1.147711
  type: 'test'
  ...
# Subtest: no preset is listed twice
ok 102 - no preset is listed twice
  ---
  duration_ms: 0.221956
  type: 'test'
  ...
# Subtest: they run smallest to largest, so the strip reads as a ladder
ok 103 - they run smallest to largest, so the strip reads as a ladder
  ---
  duration_ms: 0.247925
  type: 'test'
  ...
# Subtest: the permit line is marked, and marked correctly
ok 104 - the permit line is marked, and marked correctly
  ---
  duration_ms: 0.178575
  type: 'test'
  ...
# Subtest: picking one sets the size, and counts as the customer choosing it
ok 105 - picking one sets the size, and counts as the customer choosing it
  ---
  duration_ms: 0.673222
  type: 'test'
  ...
# Subtest: the highlight follows the size, including off the presets
ok 106 - the highlight follows the size, including off the presets
  ---
  duration_ms: 0.323155
  type: 'test'
  ...
# Subtest: a row already evenly spaced offers the free even slot
ok 107 - a row already evenly spaced offers the free even slot
  ---
  duration_ms: 2.802882
  type: 'test'
  ...
# Subtest: the fourth of four finds its slot even though it is also a mirror
ok 108 - the fourth of four finds its slot even though it is also a mirror
  ---
  duration_ms: 0.41611
  type: 'test'
  ...
# Subtest: windows placed by hand get the halfway offer, not a row that would be a lie
ok 109 - windows placed by hand get the halfway offer, not a row that would be a lie
  ---
  duration_ms: 0.34659
  type: 'test'
  ...
# Subtest: nowhere near an even position, nothing is forced
ok 110 - nowhere near an even position, nothing is forced
  ---
  duration_ms: 0.403486
  type: 'test'
  ...
# Subtest: two windows on a wall cannot produce a row offer
ok 111 - two windows on a wall cannot produce a row offer
  ---
  duration_ms: 0.331942
  type: 'test'
  ...
# Subtest: a wall with no windows levels against another wall
ok 112 - a wall with no windows levels against another wall
  ---
  duration_ms: 0.388508
  type: 'test'
  ...
# Subtest: a sill too far away is left alone
ok 113 - a sill too far away is left alone
  ---
  duration_ms: 0.314018
  type: 'test'
  ...
# Subtest: this wall wins over another wall
ok 114 - this wall wins over another wall
  ---
  duration_ms: 0.236874
  type: 'test'
  ...
# Subtest: the guide changes when the snap changes, so it gets rebuilt
ok 115 - the guide changes when the snap changes, so it gets rebuilt
  ---
  duration_ms: 0.762058
  type: 'test'
  ...
# Subtest: no snap means no guide at all
ok 116 - no snap means no guide at all
  ---
  duration_ms: 0.613911
  type: 'test'
  ...
# Subtest: the pull is the same few inches on a short wall and a long one
ok 117 - the pull is the same few inches on a short wall and a long one
  ---
  duration_ms: 0.527849
  type: 'test'
  ...
1..117
# tests 117
# suites 0
# pass 117
# fail 0
# cancelled 0
# skipped 0
# todo 0
# duration_ms 18078.84637
